../Core/Src/can.c:32:6:CAN_Init	8	static
../Core/Src/can.c:48:6:StartActivationProcess	8	static
../Core/Src/can.c:53:6:CAN_ProcessStateMachine	16	static
../Core/Src/can.c:181:6:process_CAN_message	296	static
../Core/Src/can.c:216:6:HAL_CAN_RxFifo0MsgPendingCallback	56	static
../Core/Src/can.c:224:16:send_command	56	static
../Core/Src/can.c:251:7:check_wheel_sdo	336	static
../Core/Src/can.c:342:7:release_brake	168	static
../Core/Src/can.c:378:13:CAN_ConfigFilter	48	static
../Core/Src/can.c:397:6:LogMessage	16	static
../Core/Src/can.c:402:6:LogError	16	static
