../Core/Src/can.c:9:6:CAN1_Init	48	static
../Core/Src/can.c:52:6:CAN1_Tx	96	static
../Core/Src/can.c:76:6:CAN1_Rx	96	static
../Core/Src/can.c:92:6:HAL_CAN_TxMailbox0CompleteCallback	16	static
../Core/Src/can.c:96:6:HAL_CAN_TxMailbox1CompleteCallback	16	static
../Core/Src/can.c:100:6:HAL_CAN_TxMailbox2CompleteCallback	16	static
../Core/Src/can.c:105:6:HAL_CAN_RxFifo0MsgPendingCallback	104	static
../Core/Src/can.c:121:6:HAL_CAN_ErrorCallback	16	static
../Core/Src/can.c:126:6:Error_handler	8	static,ignoring_inline_asm
