../Core/Src/can.c:32:6:CAN_Init	8	static
../Core/Src/can.c:48:6:StartActivationProcess	8	static
../Core/Src/can.c:54:6:CAN_ProcessStateMachine	16	static
../Core/Src/can.c:216:6:process_CAN_message	296	static
../Core/Src/can.c:236:6:HAL_CAN_RxFifo0MsgPendingCallback	56	static
../Core/Src/can.c:244:16:send_command	56	static
../Core/Src/can.c:269:6:change_node_id	328	static
../Core/Src/can.c:342:13:CAN_ConfigFilter	48	static
../Core/Src/can.c:361:6:LogMessage	16	static
../Core/Src/can.c:366:6:LogError	16	static
