../Core/Src/main.c:99:10:crc_chk	32	static
../Core/Src/main.c:115:6:send_command	16	static
../Core/Src/main.c:126:6:log_message	16	static
../Core/Src/main.c:130:9:check_calibration_response	32	static
../Core/Src/main.c:140:6:send_calibration_command	128	static
../Core/Src/main.c:158:6:beep	24	static
../Core/Src/main.c:168:6:read_register	32	static
../Core/Src/main.c:181:6:process_state_machine	88	static
../Core/Src/main.c:254:5:main	8	static
../Core/Src/main.c:300:6:SystemClock_Config	88	static
../Core/Src/main.c:347:13:MX_TIM11_Init	8	static
../Core/Src/main.c:378:13:MX_USART1_UART_Init	8	static
../Core/Src/main.c:411:13:MX_USART2_UART_Init	8	static
../Core/Src/main.c:444:13:MX_GPIO_Init	40	static
../Core/Src/main.c:477:6:Error_Handler	4	static,ignoring_inline_asm
