../Core/Src/main.c:86:5:main	104	static
../Core/Src/main.c:144:6:SystemClock_Config	96	static
../Core/Src/main.c:190:13:MX_I2C1_Init	8	static
../Core/Src/main.c:238:13:MX_USART2_UART_Init	8	static
../Core/Src/main.c:273:13:MX_GPIO_Init	48	static
../Core/Src/main.c:307:6:write8	32	static
../Core/Src/main.c:314:9:read8	32	static
../Core/Src/main.c:322:10:read16	32	static
../Core/Src/main.c:330:6:enableSensor	8	static
../Core/Src/main.c:337:6:getRGB	24	static
../Core/Src/main.c:350:6:Error_Handler	4	static,ignoring_inline_asm
