../Core/Src/can.c:35:6:CAN_Init	8	static
../Core/Src/can.c:51:6:StartActivationProcess	8	static
../Core/Src/can.c:57:6:CAN_ProcessStateMachine	40	static
../Core/Src/can.c:212:6:process_CAN_message	288	static
../Core/Src/can.c:250:6:change_node_id_and_save	40	static
../Core/Src/can.c:275:6:HAL_CAN_RxFifo0MsgPendingCallback	56	static
../Core/Src/can.c:284:16:send_command	48	static
../Core/Src/can.c:310:16:wait_for_heartbeat	24	static
../Core/Src/can.c:331:13:CAN_ConfigFilter	48	static
../Core/Src/can.c:351:6:LogMessage	16	static
../Core/Src/can.c:356:6:LogError	16	static
